MedicHub Documentation Generator
=================================

Generating backend code reference...
  ✓ core\config\app.config.ts
  ✓ core\config\graphql.config.ts
  ✓ core\config\helmet.config.ts
  ✓ core\config\i18n.config.ts
  ✓ core\config\index.ts
  ✓ core\config\mailer.config.ts
  ✓ core\config\session.config.ts
  ✓ core\core.module.ts
  ✓ core\core.service.ts
  ✓ core\i18n\decorators\index.ts
  ✓ core\i18n\decorators\lang.decorator.ts
  ✓ core\i18n\i18n.constants.ts
  ✓ core\i18n\i18n.module.ts
  ✓ core\i18n\i18n.service.ts
  ✓ core\i18n\i18n.tokens.ts
  ✓ core\i18n\index.ts
  ✓ core\i18n\locales\en\index.ts
  ✓ core\i18n\locales\index.ts
  ✓ core\i18n\locales\ru\index.ts
  ✓ core\i18n\logging\i18n.logger.ts
  ✓ core\i18n\types\class-validator.d.ts
  ✓ core\i18n\types\i18n.d.ts
  ✓ core\i18n\types\index.ts
  ✓ core\i18n\types\typed.ts
  ✓ core\i18n\validation\i18n-validation.helper.ts
  ✓ core\i18n\validation\i18n-validation.pipe.ts
  ✓ core\i18n\validation\index.ts
  ✓ core\middleware\graphql-logger.middleware.ts
  ✓ core\middleware\index.ts
  ✓ core\prisma\index.ts
  ✓ core\prisma\prisma.module.ts
  ✓ core\prisma\prisma.seed.ts
  ✓ core\prisma\prisma.service.ts
  ✓ core\provider\index.ts
  ✓ core\provider\mail\index.ts
  ✓ core\provider\mail\mail.module.ts
  ✓ core\provider\mail\mail.service.ts
  ✓ core\provider\mail\providers\brevo\brevo.service.ts
  ✓ core\provider\mail\providers\brevo\index.ts
  ✓ core\provider\mail\providers\email.provider.interface.ts
  ✓ core\provider\mail\providers\index.ts
  ✓ core\provider\mail\providers\sendgrid\index.ts
  ✓ core\provider\mail\providers\sendgrid\sendgrid.service.ts
  ✓ core\provider\mail\providers\smtp.service.ts
  ✓ core\provider\mail\templates\2fa-security\index.ts
  ✓ core\provider\mail\templates\authentication\index.ts
  ✓ core\provider\mail\templates\components\index.ts
  ✓ core\provider\mail\templates\index.ts
  ✓ core\provider\provider.module.ts
  ✓ core\provider\sms\index.ts
  ✓ core\provider\sms\sms.module.ts
  ✓ core\provider\sms\sms.service.ts
  ✓ core\redis\index.ts
  ✓ core\redis\redis.module.ts
  ✓ core\redis\redis.service.ts
  ✓ main.ts
  ✓ modules\auth\2fa\2fa.module.ts
  ✓ modules\auth\2fa\constants\2fa.constants.ts
  ✓ modules\auth\2fa\constants\device.constants.ts
  ✓ modules\auth\2fa\constants\index.ts
  ✓ modules\auth\2fa\constants\risk.constants.ts
  ✓ modules\auth\2fa\constants\webauthn.constants.ts
  ✓ modules\auth\2fa\dtos\admin-2fa.dto.ts
  ✓ modules\auth\2fa\dtos\index.ts
  ✓ modules\auth\2fa\dtos\manage-methods.dto.ts
  ✓ modules\auth\2fa\dtos\setup-otp.dto.ts
  ✓ modules\auth\2fa\dtos\setup-totp.dto.ts
  ✓ modules\auth\2fa\dtos\verify-2fa.dto.ts
  ✓ modules\auth\2fa\dtos\webauthn.dto.ts
  ✓ modules\auth\2fa\guards\2fa-verified.guard.ts
  ✓ modules\auth\2fa\guards\index.ts
  ✓ modules\auth\2fa\index.ts
  ✓ modules\auth\2fa\models\2fa-method.model.ts
  ✓ modules\auth\2fa\models\2fa-setup.model.ts
  ✓ modules\auth\2fa\models\admin-2fa.model.ts
  ✓ modules\auth\2fa\models\index.ts
  ✓ modules\auth\2fa\models\webauthn.model.ts
  ✓ modules\auth\2fa\resolvers\2fa.resolver.ts
  ✓ modules\auth\2fa\resolvers\admin-2fa.resolver.ts
  ✓ modules\auth\2fa\resolvers\index.ts
  ✓ modules\auth\2fa\services\2fa-cron.service.ts
  ✓ modules\auth\2fa\services\2fa-method.service.ts
  ✓ modules\auth\2fa\services\admin-2fa.service.ts
  ✓ modules\auth\2fa\services\backup-code.service.ts
  ✓ modules\auth\2fa\services\device-trust.service.ts
  ✓ modules\auth\2fa\services\index.ts
  ✓ modules\auth\2fa\services\security-event.service.ts
  ✓ modules\auth\2fa\services\webauthn.service.ts
  ✓ modules\auth\2fa\types\device.types.ts
  ✓ modules\auth\2fa\types\index.ts
  ✓ modules\auth\2fa\types\method-data.types.ts
  ✓ modules\auth\2fa\types\risk.types.ts
  ✓ modules\auth\2fa\types\security-event.types.ts
  ✓ modules\auth\2fa\utils\encryption.util.ts
  ✓ modules\auth\2fa\utils\fingerprint.util.ts
  ✓ modules\auth\2fa\utils\index.ts
  ✓ modules\auth\2fa\utils\risk-calculator.util.ts
  ✓ modules\auth\2fa\utils\risk-mapper.util.ts
  ✓ modules\auth\2fa\utils\validation.util.ts
  ✓ modules\auth\2fa\__tests__\services\2fa-method.service.spec.ts
  ✓ modules\auth\2fa\__tests__\utils\risk-calculator.util.spec.ts
  ✓ modules\auth\2fa\__tests__\utils\validation.util.spec.ts
  ✓ modules\auth\account\account.module.ts
  ✓ modules\auth\account\account.resolver.ts
  ✓ modules\auth\account\account.service.ts
  ✓ modules\auth\account\dtos\change-email.dto.ts
  ✓ modules\auth\account\dtos\change-password.dto.ts
  ✓ modules\auth\account\dtos\create.dto.ts
  ✓ modules\auth\account\dtos\index.ts
  ✓ modules\auth\account\index.ts
  ✓ modules\auth\account\models\enums.ts
  ✓ modules\auth\account\models\index.ts
  ✓ modules\auth\account\models\user.model.ts
  ✓ modules\auth\account\__tests__\account.service.spec.ts
  ✓ modules\auth\index.ts
  ✓ modules\auth\recovery\dtos\index.ts
  ✓ modules\auth\recovery\dtos\new-password.dto.ts
  ✓ modules\auth\recovery\dtos\reset-password.dto.ts
  ✓ modules\auth\recovery\index.ts
  ✓ modules\auth\recovery\recovery.module.ts
  ✓ modules\auth\recovery\recovery.resolver.ts
  ✓ modules\auth\recovery\recovery.service.ts
  ✓ modules\auth\recovery\__tests__\recovery.service.spec.ts
  ✓ modules\auth\session\dtos\index.ts
  ✓ modules\auth\session\dtos\login.dto.ts
  ✓ modules\auth\session\index.ts
  ✓ modules\auth\session\models\index.ts
  ✓ modules\auth\session\models\session.model.ts
  ✓ modules\auth\session\session.module.ts
  ✓ modules\auth\session\session.resolver.ts
  ✓ modules\auth\session\session.service.ts
  ✓ modules\auth\session\__tests__\session.service.spec.ts
  ✓ modules\auth\verification\dtos\index.ts
  ✓ modules\auth\verification\dtos\verification.dto.ts
  ✓ modules\auth\verification\index.ts
  ✓ modules\auth\verification\verification.module.ts
  ✓ modules\auth\verification\verification.resolver.ts
  ✓ modules\auth\verification\verification.service.ts
  ✓ modules\auth\verification\__tests__\verification.service.spec.ts
  ✓ modules\notification\constants\index.ts
  ✓ modules\notification\constants\notification.constants.ts
  ✓ modules\notification\index.ts
  ✓ modules\notification\notification.module.ts
  ✓ modules\notification\notification.service.ts
  ✓ modules\notification\types\index.ts
  ✓ modules\notification\types\notification.types.ts
  ✓ modules\rbac\decorators\index.ts
  ✓ modules\rbac\decorators\roles.decorator.ts
  ✓ modules\rbac\guards\index.ts
  ✓ modules\rbac\guards\roles.guard.ts
  ✓ modules\rbac\index.ts
  ✓ modules\rbac\rbac.module.ts
  ✓ modules\rbac\rbac.service.ts
  ✓ modules\rbac\types\index.ts
  ✓ modules\rbac\types\rbac.types.ts
  ✓ modules\security\account-lock\account-lock.module.ts
  ✓ modules\security\account-lock\account-lock.service.ts
  ✓ modules\security\account-lock\constants\account-lock.constants.ts
  ✓ modules\security\account-lock\constants\index.ts
  ✓ modules\security\account-lock\index.ts
  ✓ modules\security\account-lock\__tests__\account-lock.service.spec.ts
  ✓ modules\security\index.ts
  ✓ modules\security\rate-limit\constants\index.ts
  ✓ modules\security\rate-limit\constants\rate-limit.constants.ts
  ✓ modules\security\rate-limit\decorators\index.ts
  ✓ modules\security\rate-limit\decorators\rate-limit.decorator.ts
  ✓ modules\security\rate-limit\decorators\skip-rate-limit.decorator.ts
  ✓ modules\security\rate-limit\exceptions\index.ts
  ✓ modules\security\rate-limit\exceptions\rate-limit.exception.ts
  ✓ modules\security\rate-limit\guards\index.ts
  ✓ modules\security\rate-limit\guards\rate-limit.guard.ts
  ✓ modules\security\rate-limit\index.ts
  ✓ modules\security\rate-limit\rate-limit.module.ts
  ✓ modules\security\rate-limit\rate-limit.service.ts
  ✓ modules\security\rate-limit\types\index.ts
  ✓ modules\security\rate-limit\types\rate-limit.types.ts
  ✓ modules\security\rate-limit\__tests__\rate-limit.service.spec.ts
  ✓ modules\security\security.module.ts
  ✓ modules\security-event\index.ts
  ✓ modules\security-event\security-event.module.ts
  ✓ modules\security-event\security-event.service.ts
  ✓ modules\security-event\__tests__\security-event.service.spec.ts
  ✓ shared\decorators\auth.decorator.ts
  ✓ shared\decorators\authorized.decorator.ts
  ✓ shared\decorators\index.ts
  ✓ shared\decorators\user-agent.decorator.ts
  ✓ shared\guards\gql-auth.guard.ts
  ✓ shared\guards\index.ts
  ✓ shared\middlewares\index.ts
  ✓ shared\middlewares\raw-body.middleware.ts
  ✓ shared\pipes\file-validation.pipe.ts
  ✓ shared\pipes\index.ts
  ✓ shared\types\express-session.d.ts
  ✓ shared\types\express.d.ts
  ✓ shared\types\gql-context.types.ts
  ✓ shared\types\index.ts
  ✓ shared\types\session-metadata.types.ts
  ✓ shared\utils\errors\error.ts
  ✓ shared\utils\errors\index.ts
  ✓ shared\utils\errors\log.ts
  ✓ shared\utils\errors\prisma-errors.ts
  ✓ shared\utils\errors\tag.ts
  ✓ shared\utils\file.util.ts
  ✓ shared\utils\generate-token.util.ts
  ✓ shared\utils\hash.util.ts
  ✓ shared\utils\index.ts
  ✓ shared\utils\is-dev.util.ts
  ✓ shared\utils\ms.util.ts
  ✓ shared\utils\parse-boolean.util.ts
  ✓ shared\utils\session-metadata.util.ts
  ✓ shared\utils\session.util.ts
  ✓ shared\utils\url\index.ts
  ✓ shared\utils\url\url.module.ts
  ✓ shared\utils\url\url.service.ts
  ✓ shared\utils\url\__tests__\url.service.spec.ts
✓ Backend code reference generated (215 files)
Generating frontend code reference...
  ✓ app\(root)\(protected)\dashboard\layout.tsx
  ✓ app\(root)\(protected)\dashboard\page.tsx
  ✓ app\(root)\(protected)\organization\create\page.tsx
  ✓ app\(root)\(protected)\organization\layout.tsx
  ✓ app\(root)\(protected)\organization\page.tsx
  ✓ app\(root)\(protected)\settings\layout.tsx
  ✓ app\(root)\(protected)\settings\page.tsx
  ✓ app\(root)\auth\create-account\page.tsx
  ✓ app\(root)\auth\page.tsx
  ✓ app\(root)\auth\recovery\page.tsx
  ✓ app\(root)\auth\recovery\[token]\page.tsx
  ✓ app\(root)\auth\verify\page.tsx
  ✓ app\(root)\page.tsx
  ✓ app\(root)\privacy-policy\page.tsx
  ✓ app\(root)\term-of-service\page.tsx
  ✓ app\layout.tsx
  ✓ modules\auth\features\forms\change-password-form.tsx
  ✓ modules\auth\features\forms\contact-form.tsx
  ✓ modules\auth\features\forms\create-account-form.tsx
  ✓ modules\auth\features\forms\index.ts
  ✓ modules\auth\features\forms\login-form\2fa-step.tsx
  ✓ modules\auth\features\forms\login-form\index.ts
  ✓ modules\auth\features\forms\login-form\login-form.tsx
  ✓ modules\auth\features\forms\login-form\login-step.tsx
  ✓ modules\auth\features\forms\login-form\otp-form.tsx
  ✓ modules\auth\features\forms\password-form.tsx
  ✓ modules\auth\features\forms\reset-password-form.tsx
  ✓ modules\auth\features\index.ts
  ✓ modules\auth\features\status-message.tsx
  ✓ modules\auth\features\wrapper.tsx
  ✓ modules\auth\index.ts
  ✓ modules\auth\pages\change-password.tsx
  ✓ modules\auth\pages\create-account.tsx
  ✓ modules\auth\pages\index.ts
  ✓ modules\auth\pages\login.tsx
  ✓ modules\auth\pages\reset-password.tsx
  ✓ modules\auth\pages\verify.tsx
  ✓ modules\auth\shared\assets\icons\index.ts
  ✓ modules\auth\shared\components\footer.tsx
  ✓ modules\auth\shared\components\form-footer.tsx
  ✓ modules\auth\shared\components\form-header.tsx
  ✓ modules\auth\shared\components\form-link.tsx
  ✓ modules\auth\shared\components\header.tsx
  ✓ modules\auth\shared\components\index.ts
  ✓ modules\auth\shared\components\otp-alert.tsx
  ✓ modules\auth\shared\components\social.tsx
  ✓ modules\auth\shared\components\try-again.tsx
  ✓ modules\auth\shared\libs\i18n\i18n.types.ts
  ✓ modules\auth\shared\libs\i18n\index.ts
  ✓ modules\auth\shared\libs\i18n\locales\en\index.ts
  ✓ modules\auth\shared\libs\i18n\locales\index.ts
  ✓ modules\auth\shared\libs\i18n\locales\ru\index.ts
  ✓ modules\auth\shared\libs\store\auth.store.ts
  ✓ modules\auth\shared\libs\store\index.ts
  ✓ modules\auth\shared\libs\store\slices\auth.slice.ts
  ✓ modules\auth\shared\libs\store\slices\index.ts
  ✓ modules\auth\shared\libs\store\types\auth.types.ts
  ✓ modules\auth\shared\libs\store\types\index.ts
  ✓ modules\auth\shared\schemas\create-account-form.schema.ts
  ✓ modules\auth\shared\schemas\index.ts
  ✓ modules\auth\shared\schemas\login-form.schema.ts
  ✓ modules\auth\shared\schemas\password-form.schema.ts
  ✓ modules\auth\shared\schemas\reset-pasword-form.schema.ts
  ✓ modules\auth\shared\types\index.ts
  ✓ modules\auth\widgets\auth-form.tsx
  ✓ modules\auth\widgets\index.ts
  ✓ modules\dashboard\index.ts
  ✓ modules\dashboard\pages\dashboard.tsx
  ✓ modules\dashboard\pages\index.ts
  ✓ modules\organization\index.ts
  ✓ modules\organization\pages\create-organization copy 2.tsx
  ✓ modules\organization\pages\create-organization copy 3.tsx
  ✓ modules\organization\pages\create-organization copy.tsx
  ✓ modules\organization\pages\create-organization.tsx
  ✓ modules\organization\pages\index.ts
  ✓ modules\organization\pages\organization.tsx
  ✓ modules\organization\shared\assets\icons\index.ts
  ✓ modules\organization\shared\assets\index.ts
  ✓ modules\organization\shared\hooks\index.ts
  ✓ modules\organization\shared\hooks\use-resolved-settings.ts
  ✓ modules\organization\shared\libs\i18n\i18n.types.ts
  ✓ modules\organization\shared\libs\i18n\index.ts
  ✓ modules\organization\shared\libs\i18n\locales\en\index.ts
  ✓ modules\organization\shared\libs\i18n\locales\index.ts
  ✓ modules\organization\shared\libs\i18n\locales\ru\index.ts
  ✓ modules\organization\shared\libs\store\auth.store.ts
  ✓ modules\organization\shared\libs\store\index.ts
  ✓ modules\organization\shared\libs\store\slices\auth.slice.ts
  ✓ modules\organization\shared\libs\store\slices\index.ts
  ✓ modules\organization\shared\libs\store\types\auth.types.ts
  ✓ modules\organization\shared\libs\store\types\index.ts
  ✓ modules\organization\shared\utils\index.ts
  ✓ modules\organization\shared\utils\organization-settings.ts
  ✓ modules\settings\index.ts
  ✓ modules\settings\pages\index.ts
  ✓ modules\settings\pages\settings.tsx
  ✓ packages\api\graphql\index.ts
  ✓ packages\api\mocks\index.ts
  ✓ packages\api\mocks\user.ts
  ✓ packages\assets\icons\index.ts
  ✓ packages\components\features\appearence\change-language.tsx
  ✓ packages\components\features\appearence\change-theme-switcher.tsx
  ✓ packages\components\features\appearence\change-theme.tsx
  ✓ packages\components\features\appearence\index.ts
  ✓ packages\components\features\index.ts
  ✓ packages\components\features\navbar.tsx
  ✓ packages\components\features\user-info-dropdown.tsx
  ✓ packages\components\index.ts
  ✓ packages\components\providers\toaster-provider.tsx
  ✓ packages\components\shared\countdown.tsx
  ✓ packages\components\shared\hint.tsx
  ✓ packages\components\shared\index.ts
  ✓ packages\components\shared\select\index.ts
  ✓ packages\components\shared\select\multi-select.tsx
  ✓ packages\components\shared\select\preset-or-custom-input.tsx
  ✓ packages\components\shared\select\single-select.tsx
  ✓ packages\components\shared\select\types.ts
  ✓ packages\components\shared\ui\alert.tsx
  ✓ packages\components\shared\ui\avatar.tsx
  ✓ packages\components\shared\ui\badge.tsx
  ✓ packages\components\shared\ui\button.tsx
  ✓ packages\components\shared\ui\card.tsx
  ✓ packages\components\shared\ui\checkbox.tsx
  ✓ packages\components\shared\ui\command.tsx
  ✓ packages\components\shared\ui\dialog.tsx
  ✓ packages\components\shared\ui\dropdown-menu.tsx
  ✓ packages\components\shared\ui\form.tsx
  ✓ packages\components\shared\ui\index.ts
  ✓ packages\components\shared\ui\input-otp.tsx
  ✓ packages\components\shared\ui\input-phone.tsx
  ✓ packages\components\shared\ui\input.tsx
  ✓ packages\components\shared\ui\label.tsx
  ✓ packages\components\shared\ui\logo-icon\index.ts
  ✓ packages\components\shared\ui\logo-icon\logo-full.tsx
  ✓ packages\components\shared\ui\logo-icon\logo-icon.tsx
  ✓ packages\components\shared\ui\logo-icon\logo-mini.tsx
  ✓ packages\components\shared\ui\logo-icon\logo-text.tsx
  ✓ packages\components\shared\ui\logo-icon\types.d.ts
  ✓ packages\components\shared\ui\popover.tsx
  ✓ packages\components\shared\ui\scroll-area.tsx
  ✓ packages\components\shared\ui\select.tsx
  ✓ packages\components\shared\ui\separator.tsx
  ✓ packages\components\shared\ui\slider.tsx
  ✓ packages\components\shared\ui\sonner.tsx
  ✓ packages\components\shared\ui\spinner.tsx
  ✓ packages\components\shared\ui\switch.tsx
  ✓ packages\components\shared\ui\table.tsx
  ✓ packages\components\shared\ui\textarea.tsx
  ✓ packages\components\shared\ui\tooltip.tsx
  ✓ packages\components\shared\user-avatar.tsx
  ✓ packages\components\widgets\header.tsx
  ✓ packages\components\widgets\index.ts
  ✓ packages\config\index.ts
  ✓ packages\config\providers\index.ts
  ✓ packages\config\providers\theme.provider.tsx
  ✓ packages\config\routes\index.ts
  ✓ packages\config\routes\paths.ts
  ✓ packages\config\routes\types.ts
  ✓ packages\constants\index.ts
  ✓ packages\constants\seo.constants.ts
  ✓ packages\constants\url.constants.ts
  ✓ packages\hooks\index.ts
  ✓ packages\hooks\use-auto-validation-form.ts
  ✓ packages\hooks\use-countdown.tsx
  ✓ packages\hooks\use-debounce-callback.ts
  ✓ packages\libs\apollo\apollo-client.config.ts
  ✓ packages\libs\apollo\apollo-client.provider.tsx
  ✓ packages\libs\apollo\index.ts
  ✓ packages\libs\i18n\config.ts
  ✓ packages\libs\i18n\index.ts
  ✓ packages\libs\i18n\language.ts
  ✓ packages\libs\i18n\locales\en\index.ts
  ✓ packages\libs\i18n\locales\index.ts
  ✓ packages\libs\i18n\locales\ru\index.ts
  ✓ packages\libs\i18n\request.ts
  ✓ packages\libs\i18n\types\index.ts
  ✓ packages\libs\i18n\types\paths.ts
  ✓ packages\libs\i18n\types\typed.ts
  ✓ packages\libs\index.ts
  ✓ packages\libs\store\app\app.store.ts
  ✓ packages\libs\store\app\index.ts
  ✓ packages\libs\store\app\slices\app.slice.ts
  ✓ packages\libs\store\app\slices\index.ts
  ✓ packages\libs\store\app\types\app.types.ts
  ✓ packages\libs\store\app\types\index.ts
  ✓ packages\libs\store\index.ts
  ✓ packages\schemas\components\change-language.schema.ts
  ✓ packages\schemas\components\index.ts
  ✓ packages\schemas\index.ts
  ✓ packages\utils\calculate-age.ts
  ✓ packages\utils\colors.ts
  ✓ packages\utils\generate-abbreviation.ts
  ✓ packages\utils\index.ts
  ✓ packages\utils\sanitize-for-RSC.ts
  ✓ packages\utils\tw-merge.ts
✓ Frontend code reference generated (195 files)
Generating FULL-DOCUMENTATION.md...
  ✓ Added 00-INDEX.md
  ⚠ Skipped 01-ARCHITECTURE.md (not found)
  ⚠ Skipped 02-BACKEND-API.md (not found)
  ⚠ Skipped 03-FRONTEND.md (not found)
  ⚠ Skipped 04-DESIGN-SYSTEM.md (not found)
  ⚠ Skipped 05-DATABASE-SCHEMA.md (not found)
  ⚠ Skipped 06-GRAPHQL-API.md (not found)
  ⚠ Skipped 07-SECURITY.md (not found)
  ⚠ Skipped 08-DEPLOYMENT.md (not found)
  ⚠ Skipped 09-ENVIRONMENT.md (not found)
✓ FULL-DOCUMENTATION.md generated

✓ Documentation generation complete!
  - Backend files: 215
  - Frontend files: 195
  - Total files: 410
  - Duration: 2.03s

Output directory: G:\Projects\doctor_lab\medic_hub_gemini\docs\documentations\en
